200619 20:04:24 [Note] Plugin 'FEDERATED' is disabled.
200619 20:04:24 InnoDB: The InnoDB memory heap is disabled
200619 20:04:24 InnoDB: Mutexes and rw_locks use Windows interlocked functions
200619 20:04:24 InnoDB: Compressed tables use zlib 1.2.3
200619 20:04:24 InnoDB: Initializing buffer pool, size = 47.0M
200619 20:04:24 InnoDB: Completed initialization of buffer pool
200619 20:04:24 InnoDB: highest supported file format is Barracuda.
InnoDB: The log sequence number in ibdata files does not match
InnoDB: the log sequence number in the ib_logfiles!
200619 20:04:24  InnoDB: Database was not shut down normally!
InnoDB: Starting crash recovery.
InnoDB: Reading tablespace information from the .ibd files...
InnoDB: Restoring possible half-written data pages from the doublewrite
InnoDB: buffer...
200619 20:04:25  InnoDB: Waiting for the background threads to start
200619 20:04:26 InnoDB: 5.5.40 started; log sequence number 319882489
200619 20:04:26 [Note] Server hostname (bind-address): '0.0.0.0'; port: 3306
200619 20:04:26 [Note]   - '0.0.0.0' resolves to '0.0.0.0';
200619 20:04:26 [Note] Server socket created on IP: '0.0.0.0'.
200619 20:04:26 [Note] Event Scheduler: Loaded 2 events
200619 20:04:26 [Note] bin\mysqld.exe: ready for connections.
Version: '5.5.40'  socket: ''  port: 3306  MySQL Community Server (GPL)
200620 20:00:32 [Note] Plugin 'FEDERATED' is disabled.
200620 20:00:32 InnoDB: The InnoDB memory heap is disabled
200620 20:00:32 InnoDB: Mutexes and rw_locks use Windows interlocked functions
200620 20:00:32 InnoDB: Compressed tables use zlib 1.2.3
200620 20:00:32 InnoDB: Initializing buffer pool, size = 47.0M
200620 20:00:32 InnoDB: Completed initialization of buffer pool
200620 20:00:32 InnoDB: highest supported file format is Barracuda.
InnoDB: The log sequence number in ibdata files does not match
InnoDB: the log sequence number in the ib_logfiles!
200620 20:00:32  InnoDB: Database was not shut down normally!
InnoDB: Starting crash recovery.
InnoDB: Reading tablespace information from the .ibd files...
InnoDB: Restoring possible half-written data pages from the doublewrite
InnoDB: buffer...
200620 20:00:33  InnoDB: Waiting for the background threads to start
200620 20:00:34 InnoDB: 5.5.40 started; log sequence number 319882489
200620 20:00:34 [Note] Server hostname (bind-address): '0.0.0.0'; port: 3306
200620 20:00:34 [Note]   - '0.0.0.0' resolves to '0.0.0.0';
200620 20:00:34 [Note] Server socket created on IP: '0.0.0.0'.
200620 20:00:34 [Note] Event Scheduler: Loaded 2 events
200620 20:00:34 [Note] bin\mysqld.exe: ready for connections.
Version: '5.5.40'  socket: ''  port: 3306  MySQL Community Server (GPL)
200620 20:06:35 [Note] Plugin 'FEDERATED' is disabled.
200620 20:06:35 InnoDB: The InnoDB memory heap is disabled
200620 20:06:35 InnoDB: Mutexes and rw_locks use Windows interlocked functions
200620 20:06:35 InnoDB: Compressed tables use zlib 1.2.3
200620 20:06:35 InnoDB: Initializing buffer pool, size = 47.0M
200620 20:06:35 InnoDB: Completed initialization of buffer pool
200620 20:06:35 InnoDB: highest supported file format is Barracuda.
InnoDB: Log scan progressed past the checkpoint lsn 319910486
200620 20:06:35  InnoDB: Database was not shut down normally!
InnoDB: Starting crash recovery.
InnoDB: Reading tablespace information from the .ibd files...
InnoDB: Restoring possible half-written data pages from the doublewrite
InnoDB: buffer...
InnoDB: Doing recovery: scanned up to log sequence number 319911968
200620 20:06:35  InnoDB: Starting an apply batch of log records to the database...
InnoDB: Progress in percents: 19 20 21 22 23 24 25 26 27 28 29 30 31 32 33 34 35 36 37 38 39 40 41 42 43 44 45 46 47 48 49 50 51 52 53 54 55 56 57 58 59 60 61 62 63 64 65 66 67 68 69 70 71 72 73 74 75 76 77 78 79 80 81 82 83 84 85 86 87 88 89 90 91 92 93 94 95 96 97 98 99 
InnoDB: Apply batch completed
200620 20:06:36  InnoDB: Waiting for the background threads to start
200620 20:06:37 InnoDB: 5.5.40 started; log sequence number 319911968
200620 20:06:37 [Note] Server hostname (bind-address): '0.0.0.0'; port: 3306
200620 20:06:37 [Note]   - '0.0.0.0' resolves to '0.0.0.0';
200620 20:06:37 [Note] Server socket created on IP: '0.0.0.0'.
200620 20:06:37 [Note] Event Scheduler: Loaded 2 events
200620 20:06:37 [Note] bin\mysqld.exe: ready for connections.
Version: '5.5.40'  socket: ''  port: 3306  MySQL Community Server (GPL)
200620 20:10:18 [Note] Plugin 'FEDERATED' is disabled.
200620 20:10:18 InnoDB: The InnoDB memory heap is disabled
200620 20:10:18 InnoDB: Mutexes and rw_locks use Windows interlocked functions
200620 20:10:18 InnoDB: Compressed tables use zlib 1.2.3
200620 20:10:18 InnoDB: Initializing buffer pool, size = 47.0M
200620 20:10:18 InnoDB: Completed initialization of buffer pool
200620 20:10:18 InnoDB: highest supported file format is Barracuda.
InnoDB: Log scan progressed past the checkpoint lsn 319915720
200620 20:10:18  InnoDB: Database was not shut down normally!
InnoDB: Starting crash recovery.
InnoDB: Reading tablespace information from the .ibd files...
InnoDB: Restoring possible half-written data pages from the doublewrite
InnoDB: buffer...
InnoDB: Doing recovery: scanned up to log sequence number 319917235
200620 20:10:19  InnoDB: Starting an apply batch of log records to the database...
InnoDB: Progress in percents: 19 20 21 22 23 24 25 26 27 28 29 30 31 32 33 34 35 36 37 38 39 40 41 42 43 44 45 46 47 48 49 50 51 52 53 54 55 56 57 58 59 60 61 62 63 64 65 66 67 68 69 70 71 72 73 74 75 76 77 78 79 80 81 82 83 84 85 86 87 88 89 90 91 92 93 94 95 96 97 98 99 
InnoDB: Apply batch completed
200620 20:10:19  InnoDB: Waiting for the background threads to start
200620 20:10:20 InnoDB: 5.5.40 started; log sequence number 319917235
200620 20:10:20 [Note] Server hostname (bind-address): '0.0.0.0'; port: 3306
200620 20:10:20 [Note]   - '0.0.0.0' resolves to '0.0.0.0';
200620 20:10:20 [Note] Server socket created on IP: '0.0.0.0'.
200620 20:10:20 [Note] Event Scheduler: Loaded 2 events
200620 20:10:20 [Note] bin\mysqld.exe: ready for connections.
Version: '5.5.40'  socket: ''  port: 3306  MySQL Community Server (GPL)
